// Jest Snapshot v1, https://goo.gl/fbAQLP

exports[`renders without crashing renders the UI as expected 1`] = `
<section>
  <nav>
    <ul
      className="direct"
    >
      <li>
        <a
          className="color-font"
          href="/"
          onClick={[Function]}
        >
          Home
        </a>
      </li>
      
      
      <li>
        <a
          className="color-font"
          href="/login"
          onClick={[Function]}
        >
          Login
        </a>
      </li>
      <li>
        <a
          className="color-font"
          href="/register"
          onClick={[Function]}
        >
          Register
        </a>
      </li>
    </ul>
  </nav>
  <div
    className="center"
  >
    <h1
      className="acnh-title"
    >
      ACNH: Museum Donation Tracker
    </h1>
  </div>
</section>
`;
