// Jest Snapshot v1, https://goo.gl/fbAQLP

exports[`renders without crashing renders the UI as expected 1`] = `
<div
  className="backdrop"
>
  <h1
    className="centered"
  >
    Login
  </h1>
  <form
    className="centered column"
    onSubmit={[Function]}
  >
    <label
      htmlFor="username"
    >
      Username
    </label>
    <input
      aria-label="Login to the website with your username."
      aria-required="true"
      id="username"
      name="username"
      onChange={[Function]}
      placeholder="username"
      required={true}
      type="text"
      value=""
    />
    <br />
    <label
      htmlFor="password"
    >
      Password
    </label>
    <input
      aria-label="Login to the website with your password."
      aria-required="true"
      id="password"
      name="password"
      onChange={[Function]}
      required={true}
      type="password"
      value=""
    />
    <br />
    <button
      className="btn"
      type="submit"
    >
      Submit
    </button>
  </form>
  <div
    className="alert"
  />
</div>
`;
